Import warnings from file: E:\xpa4\SHIRAKI-MYSQL\260401Projects\Exports\Project.xml (26/04/01 23:45:27)
=======================================================================================================

In Program/Task 2.1 - Expression parse error (999)
In Program/Task 2.1 - Expression parse error (999)
In Program/Task 10.5 - Expression parse error (4858)
In Program/Task 10.5 - Expression parse error (4858)
In Program/Task 147 - Expression parse error (999)
In Program/Task 147 - Expression parse error (999)
In Program/Task 149.1 - Expression parse error (999)
In Program/Task 149.1 - Expression parse error (999)
In Program/Task 170.2 - Expression parse error (4858)
In Program/Task 170.2 - Expression parse error (4858)
In Program/Task 170.4 - Expression parse error (4858)
In Program/Task 172.13 - Expression parse error (4858)
In Program/Task 172.13 - Expression parse error (4858)
In Program/Task 179.7 - Expression parse error (4858)
In Program/Task 179.12 - Expression parse error (4858)
In Program/Task 179.12 - Expression parse error (4858)
In Program/Task 199.1.2 - Expression parse error (4853)
In Program/Task 199.1.2 - Expression parse error (4853)
In Program/Task 199.1.2 - Expression parse error (4853)
In Program/Task 199.1.2 - Expression parse error (4853)
In Program/Task 199.1.2 - Expression parse error (4853)
In Program/Task 199.1.2 - Expression parse error (4853)
In Program/Task 199.1.2 - Expression parse error (4853)
In Program/Task 199.1.3.1 - Expression parse error (4853)
In Program/Task 199.1.3.1 - Expression parse error (4853)
In Program/Task 199.1.3.1 - Expression parse error (4853)
In Program/Task 199.1.3.1 - Expression parse error (4853)
In Program/Task 199.1.3.1 - Expression parse error (4853)
In Program/Task 199.1.3.1 - Expression parse error (4853)
In Program/Task 199.1.3.1 - Expression parse error (4853)
In Program/Task 199.1.3.1 - Expression parse error (4853)
In Program/Task 199.1.3 - Expression parse error (4853)
In Program/Task 199.1 - Expression parse error (4853)
In Program/Task 199.1 - Expression parse error (4853)
In Program/Task 199.1 - Expression parse error (4853)
In Program/Task 199.1 - Expression parse error (4853)
In Program/Task 199.1 - Expression parse error (4853)
In Program/Task 199.1 - Expression parse error (4853)
In Program/Task 199.1 - Expression parse error (4853)
In Program/Task 199.1 - Expression parse error (4853)
In Program/Task 199.1 - Expression parse error (4853)
In Program/Task 199.1 - Expression parse error (4853)
In Program/Task 199.1 - Expression parse error (4853)
In Program/Task 199.1 - Expression parse error (4853)
In Program/Task 199.3 - Expression parse error (4853)
In Program/Task 199.3 - Expression parse error (4853)
In Program/Task 199.3 - Expression parse error (4853)
In Program/Task 199.3 - Expression parse error (4853)
In Program/Task 199.6 - Expression parse error (4853)
In Program/Task 199.6 - Expression parse error (4853)
In Program/Task 199.6 - Expression parse error (4853)
In Program/Task 199.6 - Expression parse error (4853)
In Program/Task 199.6 - Expression parse error (4853)
In Program/Task 199.6 - Expression parse error (4853)
In Program/Task 199.6 - Expression parse error (4853)
In Program/Task 199 - Expression parse error (4853)
In Program/Task 199 - Expression parse error (4853)
In Program/Task 199 - Expression parse error (4853)
In Program/Task 199 - Expression parse error (4853)
In Program/Task 199 - Expression parse error (4853)
In Program/Task 199 - Expression parse error (4853)
In Program/Task 199 - Expression parse error (4853)
In Program/Task 199 - Expression parse error (4853)
In Program/Task 199 - Expression parse error (4853)
In Program/Task 199 - Expression parse error (4853)
In Program/Task 199 - Expression parse error (4853)
In Program/Task 199 - Expression parse error (4853)
In Program/Task 199 - Expression parse error (4853)
In Program/Task 199 - Expression parse error (4853)
In Program/Task 199 - Expression parse error (4853)
In Program/Task 199 - Expression parse error (4853)
In Program/Task 199 - Expression parse error (4853)
In Program/Task 199 - Expression parse error (4853)
In Program/Task 199 - Expression parse error (4853)
In Program/Task 199 - Expression parse error (4853)
In Program/Task 199 - Expression parse error (4853)
In Program/Task 199 - Expression parse error (4853)
In Program/Task 199 - Expression parse error (4853)
In Program/Task 199 - Expression parse error (4853)
In Program/Task 199 - Expression parse error (4853)
In Program/Task 199 - Expression parse error (4853)
In Program/Task 199 - Expression parse error (4853)
In Program/Task 199 - Expression parse error (4853)
In Program/Task 199 - Expression parse error (4853)
In Program/Task 199 - Expression parse error (4853)
In Program/Task 199 - Expression parse error (4853)
In Program/Task 199 - Expression parse error (4853)
In Program/Task 199 - Expression parse error (4853)
In Program/Task 199 - Expression parse error (4853)
In Program/Task 199 - Expression parse error (4853)
In Program/Task 199 - Expression parse error (4853)
In Program/Task 199 - Expression parse error (4853)
In Program/Task 199 - Expression parse error (4853)
In Program/Task 199 - Expression parse error (4853)
In Program/Task 199 - Expression parse error (4853)
In Program/Task 199 - Expression parse error (4853)
In Program/Task 199 - Expression parse error (4853)
In Program/Task 199 - Expression parse error (4853)
In Program/Task 199 - Expression parse error (4853)
In Program/Task 199 - Expression parse error (4853)
In Program/Task 199 - Expression parse error (4853)
In Program/Task 199 - Expression parse error (4853)
In Program/Task 199 - Expression parse error (4853)
In Program/Task 199 - Expression parse error (4853)
In Program/Task 199 - Expression parse error (4853)
In Program/Task 199 - Expression parse error (4853)
In Program/Task 199 - Expression parse error (4853)
In Program/Task 199 - Expression parse error (4853)
In Program/Task 199 - Expression parse error (4853)
In Program/Task 199 - Expression parse error (4853)
In Program/Task 199 - Expression parse error (4853)
In Program/Task 199 - Expression parse error (4853)
In Program/Task 199 - Expression parse error (4853)
In Program/Task 199 - Expression parse error (4853)
In Program/Task 199 - Expression parse error (4853)
In Program/Task 199 - Expression parse error (4853)
In Program/Task 199 - Expression parse error (4853)
In Program/Task 199 - Expression parse error (4853)
In Program/Task 199 - Expression parse error (4853)
In Program/Task 199 - Expression parse error (4853)
In Program/Task 199 - Expression parse error (4853)
In Program/Task 200.1 - Expression parse error (999)
In Program/Task 200.1 - Expression parse error (999)
In Program/Task 201.12 - Expression parse error (4858)
In Program/Task 201.12 - Expression parse error (4858)
In Program/Task 202.1.1 - Expression parse error (4853)
In Program/Task 202 - Expression parse error (4853)
In Program/Task 202 - Expression parse error (4853)
In Program/Task 202 - Expression parse error (4853)
In Program/Task 202 - Expression parse error (4853)
In Program/Task 202 - Expression parse error (4853)
In Program/Task 202 - Expression parse error (4853)
In Program/Task 202 - Expression parse error (4853)
In Program/Task 202 - Expression parse error (4853)
In Program/Task 202 - Expression parse error (4853)
In Program/Task 202 - Expression parse error (4853)
In Program/Task 202 - Expression parse error (4853)
In Program/Task 202 - Expression parse error (4853)
In Program/Task 203.2 - Expression parse error (4853)
In Program/Task 203.2 - Expression parse error (4853)
In Program/Task 203.2 - Expression parse error (4853)
In Program/Task 203.2 - Expression parse error (4853)
In Program/Task 203.2 - Expression parse error (4853)
In Program/Task 203 - Expression parse error (4853)
In Program/Task 203 - Expression parse error (4853)
In Program/Task 203 - Expression parse error (4853)
In Program/Task 203 - Expression parse error (4853)
In Program/Task 204.2.4 - Expression parse error (4858)
In Program/Task 204.2.4 - Expression parse error (4858)
In Program/Task 204.2.4 - Expression parse error (4858)
In Program/Task 204.2.4 - Expression parse error (4858)
In Program/Task 204.2.4 - Expression parse error (4858)
In Program/Task 210.2 - Expression parse error (4858)
In Program/Task 228.1 - Expression parse error (4853)
In Program/Task 228.1 - Expression parse error (4853)
In Program/Task 228.1 - Expression parse error (4853)
In Program/Task 228.1 - Expression parse error (4853)
In Program/Task 228.1 - Expression parse error (4853)
In Program/Task 228.1 - Expression parse error (4853)
In Program/Task 228.1 - Expression parse error (4853)
In Program/Task 228.1 - Expression parse error (4853)
In Program/Task 228.1 - Expression parse error (4853)
In Program/Task 228.1 - Expression parse error (4853)
In Program/Task 228.1 - Expression parse error (4853)
In Program/Task 228.1 - Expression parse error (4853)
In Program/Task 228.1 - Expression parse error (4853)
In Program/Task 232 - Expression parse error (4858)
In Program/Task 268 - Expression parse error (4858)
In Program/Task 286 - Field 34 in File 変数項目 may lose significance. Modify the field to 8 byte length
In Program/Task 416.1.1 - Expression parse error (4853)
In Program/Task 416.1.1 - Expression parse error (4853)
In Program/Task 416 - Expression parse error (4853)
In Program/Task 416 - Expression parse error (4853)
In Program/Task 416 - Expression parse error (4853)

Import warnings from file: C:\Users\user\Desktop\Programs_131.xml (26/04/15 11:55:26)
=====================================================================================

In Program/Task 458 - Expression parse error (4853)
In Program/Task 458 - Expression parse error (4853)
In Program/Task 458 - Expression parse error (4853)
In Program/Task 458 - Expression parse error (4853)
In Program/Task 458 - Expression parse error (4853)

Import warnings from file: C:\Users\user\Desktop\Programs_32.xml (26/04/28 10:13:02)
====================================================================================


Import warnings from file: C:\Users\user\Desktop\Programs_437.xml (26/06/10 10:28:05)
=====================================================================================


Import warnings from file: C:\Users\user\Desktop\Programs6162.xml (26/07/01 15:36:55)
=====================================================================================


Import warnings from file: E:\xpa4\SHIRAKI\260714Projects\Exports\Programs_22.xml (26/07/14 23:24:59)
=====================================================================================================


Import warnings from file: E:\xpa4\SHIRAKI\260714Projects\Exports\Programs_28.xml (26/07/14 23:25:18)
=====================================================================================================


Import warnings from file: E:\xpa4\SHIRAKI\Programs_64.xml (26/07/16 09:14:50)
==============================================================================


Import warnings from file: E:\xpa4\SHIRAKI\Programs_150.xml (26/07/16 09:14:55)
===============================================================================


Import warnings from file: E:\xpa4\SHIRAKI\Programs_186.xml (26/07/16 09:14:59)
===============================================================================


Import warnings from file: E:\xpa4\SHIRAKI\genchi_Projects\Exports\Programs62-63.xml (26/07/28 12:14:42)
========================================================================================================


Import warnings from file: E:\xpa4\SHIRAKI\genchi_Projects\Exports\Programs69-70.xml (26/07/28 12:14:45)
========================================================================================================


Import warnings from file: E:\xpa4\SHIRAKI\genchi_Projects\Exports\Programs_67.xml (26/07/28 12:14:48)
======================================================================================================


Import warnings from file: E:\xpa4\SHIRAKI\Projects\Exports\Programs_65_テルサ現地位置調整分Printer10.xml (26/07/31 16:59:19)
=============================================================================================================================


Import warnings from file: C:\Users\d-kaw\Downloads\Programs_65テルサ.xml (26/08/06 12:11:47)
=============================================================================================


